<html>
<body>
<pre>
<h1>µVision Build Log</h1>
<h2>Project:</h2>
C:\Keil\Labware\Lab15_VirtualSpaceInvaders\SpaceInvaders.uvproj
Project File Date:  04/19/2014

<h2>Output:</h2>
Build target 'SpaceInvaders'
compiling SpaceInvaders.c...
SpaceInvaders.c(98): warning:  #1295-D: Deprecated declaration fire_laser - give arg types
  void fire_laser();
SpaceInvaders.c(544): warning:  #128-D: loop is not reachable
    while(AnyLife){
SpaceInvaders.c: 2 warnings, 0 errors
linking...
Program Size: Code=4932 RO-data=4804 RW-data=92 ZI-data=2428  
".\SpaceInvaders.axf" - 0 Error(s), 2 Warning(s).
(s), 2 Warning(s).
Target not created

SpaceInvaders.c(441): error:  #18: expected a ")"
  else(player[0].x -= 20;}      
SpaceInvaders.c(537): warning:  #128-D: loop is not reachable
    while(AnyLife){
SpaceInvaders.c: 4 warnings, 2 errors
".\SpaceInvaders.axf" - 2 Error(s), 4 Warning(s).
Target not created
not created
le(AnyLife){
SpaceInvaders.c(458): warning:  #128-D: loop is not reachable
    while(AnyLife){
SpaceInvaders.c(486): error:  #268: declaration may not appear after executable statement in block
  void Timer2_Init(unsigned long period){ 
SpaceInvaders.c(486): error:  #67: expected a "}"
  void Timer2_Init(unsigned long period){ 
SpaceInvaders.c: 4 warnings, 5 errors
".\SpaceInvaders.axf" - 5 Error(s), 4 Warning(s).
Target not created
eInvaders.c(450): warning:  #77-D: this declaration has no storage class or type specifier
    Timer2_Init(80000000/30);  // 30 Hz
SpaceInvaders.c(450): error:  #147: declaration is incompatible with "void Timer2_Init(unsigned long)" (declared at line 61)
    Timer2_Init(80000000/30);  // 30 Hz
SpaceInvaders.c(451): error:  #169: expected a declaration
        while(1){
SpaceInvaders.c(468): warning:  #12-D: parsing restarts here after previous syntax error
    Nokia5110_Clear();
SpaceInvaders.c(469): error:  #79: expected a type specifier
    Nokia5110_SetCursor(1, 1);
SpaceInvaders.c(469): error:  #79: expected a type specifier
    Nokia5110_SetCursor(1, 1);
SpaceInvaders.c(469): warning:  #77-D: this declaration has no storage class or type specifier
    Nokia5110_SetCursor(1, 1);
SpaceInvaders.c(469): error:  #147: declaration is incompatible with "void Nokia5110_SetCursor(unsigned char, unsigned char)" (declared at line 222 of "Nokia5110.h")
    Nokia5110_SetCursor(1, 1);
SpaceInvaders.c(470): error:  #79: expected a type specifier
    Nokia5110_OutString("GAME OVER");
SpaceInvaders.c(470): warning:  #77-D: this declaration has no storage class or type specifier
    Nokia5110_OutString("GAME OVER");
SpaceInvaders.c(470): error:  #147: declaration is incompatible with "void Nokia5110_OutString(char *)" (declared at line 205 of "Nokia5110.h")
    Nokia5110_OutString("GAME OVER");
SpaceInvaders.c(471): error:  #79: expected a type specifier
    Nokia5110_SetCursor(1, 2);
SpaceInvaders.c(471): error:  #79: expected a type specifier
    Nokia5110_SetCursor(1, 2);
SpaceInvaders.c(471): warning:  #77-D: this declaration has no storage class or type specifier
    Nokia5110_SetCursor(1, 2);
SpaceInvaders.c(472): error:  #79: expected a type specifier
    Nokia5110_OutString("Nice try,");
SpaceInvaders.c(472): warning:  #77-D: this declaration has no storage class or type specifier
    Nokia5110_OutString("Nice try,");
SpaceInvaders.c(473): error:  #79: expected a type specifier
    Nokia5110_SetCursor(1, 3);
SpaceInvaders.c(473): error:  #79: expected a type specifier
    Nokia5110_SetCursor(1, 3);
SpaceInvaders.c(473): warning:  #77-D: this declaration has no storage class or type specifier
    Nokia5110_SetCursor(1, 3);
SpaceInvaders.c(474): error:  #79: expected a type specifier
    Nokia5110_OutString("Earthling!");
SpaceInvaders.c(474): warning:  #77-D: this declaration has no storage class or type specifier
    Nokia5110_OutString("Earthling!");
SpaceInvaders.c(475): error:  #79: expected a type specifier
    Nokia5110_SetCursor(2, 4);
SpaceInvaders.c(475): error:  #79: expected a type specifier
    Nokia5110_SetCursor(2, 4);
SpaceInvaders.c(475): warning:  #77-D: this declaration has no storage class or type specifier
    Nokia5110_SetCursor(2, 4);
SpaceInvaders.c(476): error:  #79: expected a type specifier
    Nokia5110_OutUDec(1234);
SpaceInvaders.c(476): warning:  #77-D: this declaration has no storage class or type specifier
    Nokia5110_OutUDec(1234);
SpaceInvaders.c(476): error:  #147: declaration is incompatible with "void Nokia5110_OutUDec(unsigned short)" (declared at line 213 of "Nokia5110.h")
    Nokia5110_OutUDec(1234);
SpaceInvaders.c(477): error:  #79: expected a type specifier
    Nokia5110_SetCursor(0, 0); // renders screen
SpaceInvaders.c(477): error:  #79: expected a type specifier
   